// Jest Snapshot v1, https://goo.gl/fbAQLP

exports[`<YourDetailsForm /> should match the snapshot 1`] = `
<div>
  <div
    class="MuiContainer-root makeStyles-pageMargin-9 MuiContainer-maxWidthSm"
  >
    <div
      class="MuiPaper-root MuiCard-root makeStyles-card-10 MuiPaper-elevation1 MuiPaper-rounded"
    >
      <h3
        class="MuiTypography-root MuiTypography-h3"
      >
        Your details
      </h3>
      <form
        autocomplete="off"
        id="YourDetails-details-form"
        novalidate=""
      >
        <div
          class="makeStyles-paddingBottom-5"
        >
          <div
            class="MuiFormControl-root makeStyles-input-8"
          >
            <label
              class="MuiFormLabel-root MuiInputLabel-root MuiInputLabel-formControl MuiInputLabel-animated MuiInputLabel-outlined"
              data-shrink="false"
              for="outlined-title-select"
              style="background-color: white;"
            >
              Title
            </label>
            <div
              class="MuiInputBase-root MuiOutlinedInput-root makeStyles-titleSelect-14 MuiInputBase-formControl"
            >
              <div
                aria-haspopup="listbox"
                aria-labelledby="mui-component-select-title"
                class="MuiSelect-root MuiSelect-select MuiSelect-selectMenu MuiSelect-outlined MuiInputBase-input MuiOutlinedInput-input"
                id="mui-component-select-title"
                role="button"
                tabindex="0"
              >
                <span>
                  ​
                </span>
              </div>
              <input
                aria-hidden="true"
                class="MuiSelect-nativeInput"
                data-testid="YourDetailsForm/title-select"
                id="outlined-title-select"
                name="title"
                tabindex="-1"
                value=""
              />
              <svg
                aria-hidden="true"
                class="MuiSvgIcon-root MuiSelect-icon MuiSelect-iconOutlined"
                focusable="false"
                viewBox="0 0 24 24"
              >
                <path
                  d="M7 10l5 5 5-5z"
                />
              </svg>
              <fieldset
                aria-hidden="true"
                class="PrivateNotchedOutline-root-17 MuiOutlinedInput-notchedOutline"
                style="padding-left: 8px;"
              >
                <legend
                  class="PrivateNotchedOutline-legend-18"
                  style="width: 0.01px;"
                >
                  <span>
                    ​
                  </span>
                </legend>
              </fieldset>
            </div>
          </div>
          <div
            class="MuiFormControl-root MuiTextField-root makeStyles-hidden-15"
          >
            <div
              class="MuiInputBase-root MuiInput-root MuiInput-underline MuiInputBase-formControl MuiInput-formControl"
            >
              <input
                aria-invalid="false"
                class="MuiInputBase-input MuiInput-input"
                name="title"
                type="text"
                value=""
              />
            </div>
          </div>
        </div>
        <div
          class="MuiFormControl-root MuiTextField-root MuiFormControl-fullWidth"
        >
          <label
            class="MuiFormLabel-root MuiInputLabel-root MuiInputLabel-formControl MuiInputLabel-animated MuiInputLabel-shrink MuiInputLabel-outlined"
            data-shrink="true"
          >
            First name
          </label>
          <div
            class="MuiInputBase-root MuiOutlinedInput-root MuiInputBase-fullWidth MuiInputBase-formControl"
          >
            <input
              aria-invalid="false"
              class="MuiInputBase-input MuiOutlinedInput-input"
              data-testid="YourDetailsForm/firstName"
              name="firstName"
              type="text"
              value=""
            />
            <fieldset
              aria-hidden="true"
              class="PrivateNotchedOutline-root-17 MuiOutlinedInput-notchedOutline"
            >
              <legend
                class="PrivateNotchedOutline-legendLabelled-19 PrivateNotchedOutline-legendNotched-20"
              >
                <span>
                  First name
                </span>
              </legend>
            </fieldset>
          </div>
        </div>
        <div
          class="MuiFormControl-root MuiTextField-root makeStyles-inputMarginSmall-7 MuiFormControl-fullWidth"
        >
          <label
            class="MuiFormLabel-root MuiInputLabel-root MuiInputLabel-formControl MuiInputLabel-animated MuiInputLabel-shrink MuiInputLabel-outlined"
            data-shrink="true"
          >
            Last name
          </label>
          <div
            class="MuiInputBase-root MuiOutlinedInput-root MuiInputBase-fullWidth MuiInputBase-formControl"
          >
            <input
              aria-invalid="false"
              class="MuiInputBase-input MuiOutlinedInput-input"
              data-testid="YourDetailsForm/lastName"
              name="lastName"
              type="text"
              value=""
            />
            <fieldset
              aria-hidden="true"
              class="PrivateNotchedOutline-root-17 MuiOutlinedInput-notchedOutline"
            >
              <legend
                class="PrivateNotchedOutline-legendLabelled-19 PrivateNotchedOutline-legendNotched-20"
              >
                <span>
                  Last name
                </span>
              </legend>
            </fieldset>
          </div>
        </div>
        <div
          class="MuiFormControl-root MuiTextField-root makeStyles-inputMarginSmall-7 MuiFormControl-fullWidth"
        >
          <label
            class="MuiFormLabel-root MuiInputLabel-root MuiInputLabel-formControl MuiInputLabel-animated MuiInputLabel-shrink MuiInputLabel-outlined"
            data-shrink="true"
          >
            Email
          </label>
          <div
            class="MuiInputBase-root MuiOutlinedInput-root MuiInputBase-fullWidth MuiInputBase-formControl"
          >
            <input
              aria-invalid="false"
              class="MuiInputBase-input MuiOutlinedInput-input"
              data-testid="YourDetailsForm/email"
              name="email"
              type="text"
              value=""
            />
            <fieldset
              aria-hidden="true"
              class="PrivateNotchedOutline-root-17 MuiOutlinedInput-notchedOutline"
            >
              <legend
                class="PrivateNotchedOutline-legendLabelled-19 PrivateNotchedOutline-legendNotched-20"
              >
                <span>
                  Email
                </span>
              </legend>
            </fieldset>
          </div>
        </div>
        <div
          class="MuiFormControl-root MuiTextField-root makeStyles-marginInput-3 MuiFormControl-fullWidth"
        >
          <label
            class="MuiFormLabel-root MuiInputLabel-root MuiInputLabel-formControl MuiInputLabel-animated MuiInputLabel-shrink MuiInputLabel-outlined"
            data-shrink="true"
          >
            Phone number
          </label>
          <div
            class="MuiInputBase-root MuiOutlinedInput-root MuiInputBase-fullWidth MuiInputBase-formControl"
          >
            <input
              aria-invalid="false"
              class="MuiInputBase-input MuiOutlinedInput-input"
              data-testid="YourDetailsForm/phone"
              name="phone"
              type="text"
              value=""
            />
            <fieldset
              aria-hidden="true"
              class="PrivateNotchedOutline-root-17 MuiOutlinedInput-notchedOutline"
            >
              <legend
                class="PrivateNotchedOutline-legendLabelled-19 PrivateNotchedOutline-legendNotched-20"
              >
                <span>
                  Phone number
                </span>
              </legend>
            </fieldset>
          </div>
        </div>
        <div
          class="MuiGrid-root MuiGrid-container MuiGrid-spacing-xs-2"
        >
          <div
            class="MuiGrid-root MuiGrid-item MuiGrid-grid-xs-9"
          >
            <div
              class="MuiFormControl-root MuiTextField-root makeStyles-input-21"
            >
              <label
                class="MuiFormLabel-root MuiInputLabel-root MuiInputLabel-formControl MuiInputLabel-animated MuiInputLabel-shrink MuiInputLabel-outlined"
                data-shrink="true"
                for="postcode-input"
                id="postcode-input-label"
              >
                Postcode
              </label>
              <div
                class="MuiInputBase-root MuiOutlinedInput-root MuiInputBase-formControl"
              >
                <input
                  aria-invalid="false"
                  class="MuiInputBase-input MuiOutlinedInput-input"
                  data-testid="postcode"
                  id="postcode-input"
                  name="postcode"
                  type="text"
                  value=""
                />
                <fieldset
                  aria-hidden="true"
                  class="PrivateNotchedOutline-root-17 MuiOutlinedInput-notchedOutline"
                >
                  <legend
                    class="PrivateNotchedOutline-legendLabelled-19 PrivateNotchedOutline-legendNotched-20"
                  >
                    <span>
                      Postcode
                    </span>
                  </legend>
                </fieldset>
              </div>
              
            </div>
          </div>
          <div
            class="MuiGrid-root MuiGrid-item MuiGrid-grid-xs-3"
          >
            <button
              class="MuiButtonBase-root MuiButton-root MuiButton-outlined makeStyles-searchButton-22 Mui-disabled Mui-disabled"
              data-testid="addressLookUp/search-button"
              disabled=""
              tabindex="-1"
              type="button"
            >
              <span
                class="MuiButton-label"
              >
                Search
              </span>
            </button>
          </div>
        </div>
        <div
          class="MuiFormControl-root MuiTextField-root makeStyles-input-8 MuiFormControl-fullWidth"
        >
          <label
            class="MuiFormLabel-root MuiInputLabel-root MuiInputLabel-formControl MuiInputLabel-animated MuiInputLabel-shrink MuiInputLabel-outlined"
            data-shrink="true"
          >
            Address line 1
          </label>
          <div
            class="MuiInputBase-root MuiOutlinedInput-root MuiInputBase-fullWidth MuiInputBase-formControl"
          >
            <input
              aria-invalid="false"
              class="MuiInputBase-input MuiOutlinedInput-input"
              data-testid="YourDetailsForm/line1"
              name="line1"
              type="text"
              value=""
            />
            <fieldset
              aria-hidden="true"
              class="PrivateNotchedOutline-root-17 MuiOutlinedInput-notchedOutline"
            >
              <legend
                class="PrivateNotchedOutline-legendLabelled-19 PrivateNotchedOutline-legendNotched-20"
              >
                <span>
                  Address line 1
                </span>
              </legend>
            </fieldset>
          </div>
        </div>
        <div
          class="MuiFormControl-root MuiTextField-root makeStyles-input-8 MuiFormControl-fullWidth"
        >
          <label
            class="MuiFormLabel-root MuiInputLabel-root MuiInputLabel-formControl MuiInputLabel-animated MuiInputLabel-shrink MuiInputLabel-outlined"
            data-shrink="true"
          >
            Address line 2 (optional)
          </label>
          <div
            class="MuiInputBase-root MuiOutlinedInput-root MuiInputBase-fullWidth MuiInputBase-formControl"
          >
            <input
              aria-invalid="false"
              class="MuiInputBase-input MuiOutlinedInput-input"
              data-testid="YourDetailsForm/line2"
              name="line2"
              type="text"
              value=""
            />
            <fieldset
              aria-hidden="true"
              class="PrivateNotchedOutline-root-17 MuiOutlinedInput-notchedOutline"
            >
              <legend
                class="PrivateNotchedOutline-legendLabelled-19 PrivateNotchedOutline-legendNotched-20"
              >
                <span>
                  Address line 2 (optional)
                </span>
              </legend>
            </fieldset>
          </div>
        </div>
        <div
          class="MuiFormControl-root MuiTextField-root makeStyles-input-8 MuiFormControl-fullWidth"
        >
          <label
            class="MuiFormLabel-root MuiInputLabel-root MuiInputLabel-formControl MuiInputLabel-animated MuiInputLabel-shrink MuiInputLabel-outlined"
            data-shrink="true"
          >
            City
          </label>
          <div
            class="MuiInputBase-root MuiOutlinedInput-root MuiInputBase-fullWidth MuiInputBase-formControl"
          >
            <input
              aria-invalid="false"
              class="MuiInputBase-input MuiOutlinedInput-input"
              data-testid="YourDetailsForm/city"
              name="city"
              type="text"
              value=""
            />
            <fieldset
              aria-hidden="true"
              class="PrivateNotchedOutline-root-17 MuiOutlinedInput-notchedOutline"
            >
              <legend
                class="PrivateNotchedOutline-legendLabelled-19 PrivateNotchedOutline-legendNotched-20"
              >
                <span>
                  City
                </span>
              </legend>
            </fieldset>
          </div>
        </div>
        <div
          class="makeStyles-checkboxContainer-13"
        >
          <div>
            <span
              aria-disabled="false"
              class="MuiButtonBase-root MuiIconButton-root PrivateSwitchBase-root-24 MuiCheckbox-root MuiCheckbox-colorSecondary MuiIconButton-colorSecondary"
              style="padding-left: 0px;"
            >
              <span
                class="MuiIconButton-label"
              >
                <input
                  class="PrivateSwitchBase-input-27"
                  data-indeterminate="false"
                  data-testid="YourDetailsForm/checkbox"
                  type="checkbox"
                  value=""
                />
                <svg
                  aria-hidden="true"
                  class="MuiSvgIcon-root"
                  focusable="false"
                  viewBox="0 0 24 24"
                >
                  <path
                    d="M19 5v14H5V5h14m0-2H5c-1.1 0-2 .9-2 2v14c0 1.1.9 2 2 2h14c1.1 0 2-.9 2-2V5c0-1.1-.9-2-2-2z"
                  />
                </svg>
              </span>
              <span
                class="MuiTouchRipple-root"
              />
            </span>
          </div>
          <div>
            <span
              class="MuiTypography-root makeStyles-checkboxText-11 MuiTypography-caption"
            >
              Optional: I would like to receive health advice and offers from Well by email. (You can change your marketing preferences at any time)
            </span>
          </div>
        </div>
        <button
          class="MuiButtonBase-root MuiButton-root MuiButton-contained makeStyles-nextButton-16 MuiButton-containedPrimary"
          data-testid="YourDetailsForm/next-button"
          tabindex="0"
          type="submit"
        >
          <span
            class="MuiButton-label"
          >
            Next
          </span>
          <span
            class="MuiTouchRipple-root"
          />
        </button>
      </form>
      <div
        class="makeStyles-input-8"
      >
        <span
          class="MuiTypography-root MuiTypography-caption"
        >
          By entering your details and payment information, you are agreeing to our
           
          <a
            class="makeStyles-textLink-12"
            href="https://www.well.co.uk/about-us/policies/shop-terms-and-conditions"
            rel="noopener noreferrer"
            target="_blank"
          >
            Terms and Conditions
          </a>
          .
        </span>
      </div>
    </div>
  </div>
</div>
`;
