// Jest Snapshot v1, https://goo.gl/fbAQLP

exports[`<DeliveryForm /> should match the snapshot 1`] = `
<div>
  <div
    class="MuiContainer-root makeStyles-pageMargin-7 MuiContainer-maxWidthSm"
  >
    <div
      class="MuiPaper-root MuiCard-root makeStyles-card-8 MuiPaper-elevation1 MuiPaper-rounded"
    >
      <h3
        class="MuiTypography-root makeStyles-marginTopBottom-4 MuiTypography-h3"
      >
        Delivery details
      </h3>
      <span
        aria-disabled="false"
        class="MuiButtonBase-root MuiIconButton-root PrivateSwitchBase-root-12 MuiCheckbox-root MuiCheckbox-colorSecondary MuiIconButton-colorSecondary"
        style="padding-left: 0px;"
      >
        <span
          class="MuiIconButton-label"
        >
          <input
            class="PrivateSwitchBase-input-15"
            data-indeterminate="false"
            data-testid="DeliveryDetailsForm/checkbox"
            type="checkbox"
            value=""
          />
          <svg
            aria-hidden="true"
            class="MuiSvgIcon-root"
            focusable="false"
            viewBox="0 0 24 24"
          >
            <path
              d="M19 5v14H5V5h14m0-2H5c-1.1 0-2 .9-2 2v14c0 1.1.9 2 2 2h14c1.1 0 2-.9 2-2V5c0-1.1-.9-2-2-2z"
            />
          </svg>
        </span>
        <span
          class="MuiTouchRipple-root"
        />
      </span>
      <span
        class="MuiTypography-root makeStyles-checkboxText-9 MuiTypography-caption"
      >
        Use same details (
        Firstname
         
        Lastname
        ,
         
        M19 2UL
        )
      </span>
      <form
        autocomplete="off"
        id="DeliveryDetails-details-form"
        novalidate=""
      >
        <div
          class="makeStyles-paddingBottom-3"
        >
          <div
            class="MuiFormControl-root makeStyles-input-6"
          >
            <label
              class="MuiFormLabel-root MuiInputLabel-root MuiInputLabel-formControl MuiInputLabel-animated MuiInputLabel-outlined"
              data-shrink="false"
              for="outlined-title-select"
              style="background-color: white;"
            >
              Title
            </label>
            <div
              class="MuiInputBase-root MuiOutlinedInput-root MuiInputBase-formControl"
            >
              <div
                aria-haspopup="listbox"
                aria-labelledby="mui-component-select-title"
                class="MuiSelect-root MuiSelect-select MuiSelect-selectMenu MuiSelect-outlined MuiInputBase-input MuiOutlinedInput-input"
                id="mui-component-select-title"
                role="button"
                tabindex="0"
              >
                <span>
                  ​
                </span>
              </div>
              <input
                aria-hidden="true"
                class="MuiSelect-nativeInput"
                data-testid="DeliveryDetailsForm/title-select"
                id="outlined-title-select"
                name="title"
                tabindex="-1"
                value=""
              />
              <svg
                aria-hidden="true"
                class="MuiSvgIcon-root MuiSelect-icon MuiSelect-iconOutlined"
                focusable="false"
                viewBox="0 0 24 24"
              >
                <path
                  d="M7 10l5 5 5-5z"
                />
              </svg>
              <fieldset
                aria-hidden="true"
                class="PrivateNotchedOutline-root-16 MuiOutlinedInput-notchedOutline"
                style="padding-left: 8px;"
              >
                <legend
                  class="PrivateNotchedOutline-legend-17"
                  style="width: 0.01px;"
                >
                  <span>
                    ​
                  </span>
                </legend>
              </fieldset>
            </div>
          </div>
          <div
            class="MuiFormControl-root MuiTextField-root makeStyles-hidden-11"
          >
            <div
              class="MuiInputBase-root MuiInput-root MuiInput-underline MuiInputBase-formControl MuiInput-formControl"
            >
              <input
                aria-invalid="false"
                class="MuiInputBase-input MuiInput-input"
                name="title"
                type="text"
                value=""
              />
            </div>
          </div>
        </div>
        <div
          class="MuiFormControl-root MuiTextField-root MuiFormControl-fullWidth"
        >
          <label
            class="MuiFormLabel-root MuiInputLabel-root MuiInputLabel-formControl MuiInputLabel-animated MuiInputLabel-shrink MuiInputLabel-outlined"
            data-shrink="true"
          >
            First name
          </label>
          <div
            class="MuiInputBase-root MuiOutlinedInput-root MuiInputBase-fullWidth MuiInputBase-formControl"
          >
            <input
              aria-invalid="false"
              class="MuiInputBase-input MuiOutlinedInput-input"
              data-testid="DeliveryDetailsForm/firstName"
              name="firstName"
              type="text"
              value=""
            />
            <fieldset
              aria-hidden="true"
              class="PrivateNotchedOutline-root-16 MuiOutlinedInput-notchedOutline"
            >
              <legend
                class="PrivateNotchedOutline-legendLabelled-18 PrivateNotchedOutline-legendNotched-19"
              >
                <span>
                  First name
                </span>
              </legend>
            </fieldset>
          </div>
        </div>
        <div
          class="MuiFormControl-root MuiTextField-root makeStyles-inputMargin-2 MuiFormControl-fullWidth"
        >
          <label
            class="MuiFormLabel-root MuiInputLabel-root MuiInputLabel-formControl MuiInputLabel-animated MuiInputLabel-shrink MuiInputLabel-outlined"
            data-shrink="true"
          >
            Last name
          </label>
          <div
            class="MuiInputBase-root MuiOutlinedInput-root MuiInputBase-fullWidth MuiInputBase-formControl"
          >
            <input
              aria-invalid="false"
              class="MuiInputBase-input MuiOutlinedInput-input"
              data-testid="lastName"
              name="lastName"
              type="text"
              value=""
            />
            <fieldset
              aria-hidden="true"
              class="PrivateNotchedOutline-root-16 MuiOutlinedInput-notchedOutline"
            >
              <legend
                class="PrivateNotchedOutline-legendLabelled-18 PrivateNotchedOutline-legendNotched-19"
              >
                <span>
                  Last name
                </span>
              </legend>
            </fieldset>
          </div>
        </div>
        <div
          class="MuiGrid-root MuiGrid-container MuiGrid-spacing-xs-2"
        >
          <div
            class="MuiGrid-root MuiGrid-item MuiGrid-grid-xs-9"
          >
            <div
              class="MuiFormControl-root MuiTextField-root makeStyles-input-20"
            >
              <label
                class="MuiFormLabel-root MuiInputLabel-root MuiInputLabel-formControl MuiInputLabel-animated MuiInputLabel-shrink MuiInputLabel-outlined"
                data-shrink="true"
                for="postcode-input"
                id="postcode-input-label"
              >
                Postcode
              </label>
              <div
                class="MuiInputBase-root MuiOutlinedInput-root MuiInputBase-formControl"
              >
                <input
                  aria-invalid="false"
                  class="MuiInputBase-input MuiOutlinedInput-input"
                  data-testid="postcode"
                  id="postcode-input"
                  name="postcode"
                  type="text"
                  value=""
                />
                <fieldset
                  aria-hidden="true"
                  class="PrivateNotchedOutline-root-16 MuiOutlinedInput-notchedOutline"
                >
                  <legend
                    class="PrivateNotchedOutline-legendLabelled-18 PrivateNotchedOutline-legendNotched-19"
                  >
                    <span>
                      Postcode
                    </span>
                  </legend>
                </fieldset>
              </div>
              
            </div>
          </div>
          <div
            class="MuiGrid-root MuiGrid-item MuiGrid-grid-xs-3"
          >
            <button
              class="MuiButtonBase-root MuiButton-root MuiButton-outlined makeStyles-searchButton-21 Mui-disabled Mui-disabled"
              data-testid="addressLookUp/search-button"
              disabled=""
              tabindex="-1"
              type="button"
            >
              <span
                class="MuiButton-label"
              >
                Search
              </span>
            </button>
          </div>
        </div>
        <div
          class="MuiFormControl-root MuiTextField-root makeStyles-input-6 MuiFormControl-fullWidth"
        >
          <label
            class="MuiFormLabel-root MuiInputLabel-root MuiInputLabel-formControl MuiInputLabel-animated MuiInputLabel-shrink MuiInputLabel-outlined"
            data-shrink="true"
          >
            Address line 1
          </label>
          <div
            class="MuiInputBase-root MuiOutlinedInput-root MuiInputBase-fullWidth MuiInputBase-formControl"
          >
            <input
              aria-invalid="false"
              class="MuiInputBase-input MuiOutlinedInput-input"
              data-testid="line1"
              name="line1"
              type="text"
              value=""
            />
            <fieldset
              aria-hidden="true"
              class="PrivateNotchedOutline-root-16 MuiOutlinedInput-notchedOutline"
            >
              <legend
                class="PrivateNotchedOutline-legendLabelled-18 PrivateNotchedOutline-legendNotched-19"
              >
                <span>
                  Address line 1
                </span>
              </legend>
            </fieldset>
          </div>
        </div>
        <div
          class="MuiFormControl-root MuiTextField-root makeStyles-input-6 MuiFormControl-fullWidth"
        >
          <label
            class="MuiFormLabel-root MuiInputLabel-root MuiInputLabel-formControl MuiInputLabel-animated MuiInputLabel-shrink MuiInputLabel-outlined"
            data-shrink="true"
          >
            Address line 2 (optional)
          </label>
          <div
            class="MuiInputBase-root MuiOutlinedInput-root MuiInputBase-fullWidth MuiInputBase-formControl"
          >
            <input
              aria-invalid="false"
              class="MuiInputBase-input MuiOutlinedInput-input"
              data-testid="line2"
              name="line2"
              type="text"
              value=""
            />
            <fieldset
              aria-hidden="true"
              class="PrivateNotchedOutline-root-16 MuiOutlinedInput-notchedOutline"
            >
              <legend
                class="PrivateNotchedOutline-legendLabelled-18 PrivateNotchedOutline-legendNotched-19"
              >
                <span>
                  Address line 2 (optional)
                </span>
              </legend>
            </fieldset>
          </div>
        </div>
        <div
          class="MuiFormControl-root MuiTextField-root makeStyles-input-6 MuiFormControl-fullWidth"
        >
          <label
            class="MuiFormLabel-root MuiInputLabel-root MuiInputLabel-formControl MuiInputLabel-animated MuiInputLabel-shrink MuiInputLabel-outlined"
            data-shrink="true"
          >
            City
          </label>
          <div
            class="MuiInputBase-root MuiOutlinedInput-root MuiInputBase-fullWidth MuiInputBase-formControl"
          >
            <input
              aria-invalid="false"
              class="MuiInputBase-input MuiOutlinedInput-input"
              data-testid="DeliveryDetailsForm/city"
              name="city"
              type="text"
              value=""
            />
            <fieldset
              aria-hidden="true"
              class="PrivateNotchedOutline-root-16 MuiOutlinedInput-notchedOutline"
            >
              <legend
                class="PrivateNotchedOutline-legendLabelled-18 PrivateNotchedOutline-legendNotched-19"
              >
                <span>
                  City
                </span>
              </legend>
            </fieldset>
          </div>
        </div>
        <button
          class="MuiButtonBase-root MuiButton-root MuiButton-contained makeStyles-input-6 MuiButton-containedPrimary"
          data-testid="DeliveryDetailsForm/next-button"
          tabindex="0"
          type="submit"
        >
          <span
            class="MuiButton-label"
          >
            Next
          </span>
          <span
            class="MuiTouchRipple-root"
          />
        </button>
      </form>
      <div
        class="makeStyles-input-6"
      >
        <span
          class="MuiTypography-root MuiTypography-caption"
        >
          By entering your details and payment information, you are agreeing to our
           
          <a
            class="makeStyles-textLink-10"
            href="https://www.well.co.uk/about-us/policies/shop-terms-and-conditions"
            rel="noopener noreferrer"
            target="_blank"
          >
            Terms and Conditions
          </a>
          .
        </span>
      </div>
    </div>
  </div>
</div>
`;
