// Jest Snapshot v1, https://goo.gl/fbAQLP

exports[`<ProductSelectionPage /> should match the snapshot 1`] = `
<div>
  <div
    class="MuiContainer-root MuiContainer-disableGutters MuiContainer-maxWidthXs"
  >
    <div
      class="makeStyles-root-1 makeStyles-beforeTitle-3"
    >
      Contraception options
    </div>
    <div
      class="makeStyles-root-1 makeStyles-title-2"
    >
      Great, thank you!
      <br />
       Here are your contraception options
    </div>
    <div
      class="makeStyles-root-1 makeStyles-paragraph-4"
    >
      Thanks for answering those questions. You can choose your contraception from the options below, then complete checkout.
    </div>
    <div
      class="makeStyles-root-1 makeStyles-label-5"
    >
      name-default
    </div>
    <div
      class="makeStyles-root-7 makeStyles-infoType-8"
    >
      <div
        class="makeStyles-icon-9"
      >
        <svg
          aria-hidden="true"
          class="MuiSvgIcon-root"
          focusable="false"
          viewBox="0 0 24 24"
        >
          <path
            d="M12 21.35l-1.45-1.32C5.4 15.36 2 12.28 2 8.5 2 5.42 4.42 3 7.5 3c1.74 0 3.41.81 4.5 2.09C13.09 3.81 14.76 3 16.5 3 19.58 3 22 5.42 22 8.5c0 3.78-3.4 6.86-8.55 11.54L12 21.35z"
          />
        </svg>
      </div>
      <div
        class="makeStyles-message-10"
      >
        Includes ongoing support from our pharmacists.
      </div>
    </div>
    <div
      class="MuiBox-root MuiBox-root-11"
    >
      <div
        class="makeStyles-root-1 makeStyles-label-5"
      >
        Select a pack size
      </div>
      <div
        class="MuiPaper-root MuiCard-root makeStyles-root-12 MuiPaper-elevation1 MuiPaper-rounded"
      >
        <div
          class="makeStyles-inner-13"
        >
          <label
            class="MuiFormControlLabel-root"
          >
            <span
              aria-disabled="false"
              class="MuiButtonBase-root MuiIconButton-root PrivateSwitchBase-root-21 MuiRadio-root makeStyles-checkbox-18 MuiRadio-colorSecondary makeStyles-packLabel-16 MuiIconButton-colorSecondary"
            >
              <span
                class="MuiIconButton-label"
              >
                <input
                  class="PrivateSwitchBase-input-24"
                  type="radio"
                  value=""
                />
                <div
                  class="PrivateRadioButtonIcon-root-25"
                >
                  <svg
                    aria-hidden="true"
                    class="MuiSvgIcon-root"
                    focusable="false"
                    viewBox="0 0 24 24"
                  >
                    <path
                      d="M12 2C6.48 2 2 6.48 2 12s4.48 10 10 10 10-4.48 10-10S17.52 2 12 2zm0 18c-4.42 0-8-3.58-8-8s3.58-8 8-8 8 3.58 8 8-3.58 8-8 8z"
                    />
                  </svg>
                  <svg
                    aria-hidden="true"
                    class="MuiSvgIcon-root PrivateRadioButtonIcon-layer-26"
                    focusable="false"
                    viewBox="0 0 24 24"
                  >
                    <path
                      d="M8.465 8.465C9.37 7.56 10.62 7 12 7C14.76 7 17 9.24 17 12C17 13.38 16.44 14.63 15.535 15.535C14.63 16.44 13.38 17 12 17C9.24 17 7 14.76 7 12C7 10.62 7.56 9.37 8.465 8.465Z"
                    />
                  </svg>
                </div>
              </span>
              <span
                class="MuiTouchRipple-root"
              />
            </span>
            <span
              class="MuiTypography-root MuiFormControlLabel-label MuiTypography-body1"
            >
              label-default-pack-1
            </span>
          </label>
          <div
            class="makeStyles-packLabelGreyContainer-15"
          >
            <p
              class="MuiTypography-root makeStyles-packLabelGrey-17 MuiTypography-body1"
            >
              £
              1.00
              (£1.00 per unit)
            </p>
          </div>
        </div>
      </div>
      <div
        class="MuiPaper-root MuiCard-root makeStyles-root-12 MuiPaper-elevation1 MuiPaper-rounded"
      >
        <div
          class="makeStyles-inner-13"
        >
          <label
            class="MuiFormControlLabel-root"
          >
            <span
              aria-disabled="false"
              class="MuiButtonBase-root MuiIconButton-root PrivateSwitchBase-root-21 MuiRadio-root makeStyles-checkbox-18 MuiRadio-colorSecondary makeStyles-packLabel-16 MuiIconButton-colorSecondary"
            >
              <span
                class="MuiIconButton-label"
              >
                <input
                  class="PrivateSwitchBase-input-24"
                  type="radio"
                  value=""
                />
                <div
                  class="PrivateRadioButtonIcon-root-25"
                >
                  <svg
                    aria-hidden="true"
                    class="MuiSvgIcon-root"
                    focusable="false"
                    viewBox="0 0 24 24"
                  >
                    <path
                      d="M12 2C6.48 2 2 6.48 2 12s4.48 10 10 10 10-4.48 10-10S17.52 2 12 2zm0 18c-4.42 0-8-3.58-8-8s3.58-8 8-8 8 3.58 8 8-3.58 8-8 8z"
                    />
                  </svg>
                  <svg
                    aria-hidden="true"
                    class="MuiSvgIcon-root PrivateRadioButtonIcon-layer-26"
                    focusable="false"
                    viewBox="0 0 24 24"
                  >
                    <path
                      d="M8.465 8.465C9.37 7.56 10.62 7 12 7C14.76 7 17 9.24 17 12C17 13.38 16.44 14.63 15.535 15.535C14.63 16.44 13.38 17 12 17C9.24 17 7 14.76 7 12C7 10.62 7.56 9.37 8.465 8.465Z"
                    />
                  </svg>
                </div>
              </span>
              <span
                class="MuiTouchRipple-root"
              />
            </span>
            <span
              class="MuiTypography-root MuiFormControlLabel-label MuiTypography-body1"
            >
              label-default-pack-2
            </span>
          </label>
          <div
            class="makeStyles-packLabelGreyContainer-15"
          >
            <p
              class="MuiTypography-root makeStyles-packLabelGrey-17 MuiTypography-body1"
            >
              £
              1.00
              (£1.00 per unit)
            </p>
          </div>
        </div>
      </div>
      <div
        class="MuiPaper-root MuiCard-root makeStyles-root-12 MuiPaper-elevation1 MuiPaper-rounded"
      >
        <div
          class="makeStyles-inner-13"
        >
          <label
            class="MuiFormControlLabel-root"
          >
            <span
              aria-disabled="false"
              class="MuiButtonBase-root MuiIconButton-root PrivateSwitchBase-root-21 MuiRadio-root makeStyles-checkbox-18 MuiRadio-colorSecondary makeStyles-packLabel-16 MuiIconButton-colorSecondary"
            >
              <span
                class="MuiIconButton-label"
              >
                <input
                  class="PrivateSwitchBase-input-24"
                  type="radio"
                  value=""
                />
                <div
                  class="PrivateRadioButtonIcon-root-25"
                >
                  <svg
                    aria-hidden="true"
                    class="MuiSvgIcon-root"
                    focusable="false"
                    viewBox="0 0 24 24"
                  >
                    <path
                      d="M12 2C6.48 2 2 6.48 2 12s4.48 10 10 10 10-4.48 10-10S17.52 2 12 2zm0 18c-4.42 0-8-3.58-8-8s3.58-8 8-8 8 3.58 8 8-3.58 8-8 8z"
                    />
                  </svg>
                  <svg
                    aria-hidden="true"
                    class="MuiSvgIcon-root PrivateRadioButtonIcon-layer-26"
                    focusable="false"
                    viewBox="0 0 24 24"
                  >
                    <path
                      d="M8.465 8.465C9.37 7.56 10.62 7 12 7C14.76 7 17 9.24 17 12C17 13.38 16.44 14.63 15.535 15.535C14.63 16.44 13.38 17 12 17C9.24 17 7 14.76 7 12C7 10.62 7.56 9.37 8.465 8.465Z"
                    />
                  </svg>
                </div>
              </span>
              <span
                class="MuiTouchRipple-root"
              />
            </span>
            <span
              class="MuiTypography-root MuiFormControlLabel-label MuiTypography-body1"
            >
              label-default-pack-3
            </span>
          </label>
          <div
            class="makeStyles-packLabelGreyContainer-15"
          >
            <p
              class="MuiTypography-root makeStyles-packLabelGrey-17 MuiTypography-body1"
            >
              £
              1.00
              (£1.00 per unit)
            </p>
          </div>
        </div>
      </div>
    </div>
    <div
      class="MuiBox-root MuiBox-root-28"
    >
      <button
        class="MuiButtonBase-root MuiButton-root MuiButton-text makeStyles-formNext-29 Mui-disabled Mui-disabled"
        data-testid="ProductSelectionPage/continue-button"
        disabled=""
        tabindex="-1"
        type="button"
      >
        <span
          class="MuiButton-label"
        >
          Continue to checkout
          <span
            class="MuiButton-endIcon MuiButton-iconSizeMedium"
          >
            <svg
              aria-hidden="true"
              class="MuiSvgIcon-root"
              focusable="false"
              viewBox="0 0 24 24"
            >
              <path
                d="M10 6L8.59 7.41 13.17 12l-4.58 4.59L10 18l6-6z"
              />
            </svg>
          </span>
        </span>
      </button>
    </div>
  </div>
</div>
`;
