// Jest Snapshot v1, https://goo.gl/fbAQLP

exports[`<AppModal /> should match snapshot 1`] = `
<body
  style="padding-right: 0px; overflow: hidden;"
>
  <div
    aria-hidden="true"
  />
  <div
    class="MuiDialog-root makeStyles-root-5"
    role="presentation"
    style="position: fixed; z-index: 1300; right: 0px; bottom: 0px; top: 0px; left: 0px;"
  >
    <div
      aria-hidden="true"
      class="MuiBackdrop-root"
      style="opacity: 1; webkit-transition: opacity 225ms cubic-bezier(0.4, 0, 0.2, 1) 0ms; transition: opacity 225ms cubic-bezier(0.4, 0, 0.2, 1) 0ms;"
    />
    <div
      data-test="sentinelStart"
      tabindex="0"
    />
    <div
      class="MuiDialog-container MuiDialog-scrollPaper"
      role="none presentation"
      style="opacity: 1; webkit-transition: opacity 225ms cubic-bezier(0.4, 0, 0.2, 1) 0ms; transition: opacity 225ms cubic-bezier(0.4, 0, 0.2, 1) 0ms;"
      tabindex="-1"
    >
      <div
        class="MuiPaper-root makeStyles-paper-3 MuiDialog-paper makeStyles-paper-7 MuiDialog-paperScrollPaper MuiDialog-paperWidthFalse MuiPaper-elevation24 MuiPaper-rounded"
        role="dialog"
        style="width: 576px;"
      >
        <div
          class="MuiBox-root MuiBox-root-8"
          data-testid="modal/content"
        >
          <div
            class="makeStyles-spacing2-13"
            data-testid="spacing/root"
          />
          <h3
            class="MuiTypography-root makeStyles-title-1 MuiTypography-h3 MuiTypography-alignCenter"
            data-testid="appModal/title"
          />
          <div
            class="makeStyles-spacing2-13 makeStyles-spacing2Responsive-14"
            data-testid="spacing/root"
          />
          <div
            class="makeStyles-body-2"
          />
          <div
            class="MuiGrid-root MuiGrid-container MuiGrid-spacing-xs-2 MuiGrid-align-items-xs-center MuiGrid-justify-xs-center"
          >
            <div
              class="MuiGrid-root MuiGrid-item"
            >
              <button
                class="MuiButtonBase-root MuiButton-root makeStyles-backButton-4 MuiButton-text makeStyles-backButton-4"
                data-testid="appModal/backButton"
                tabindex="0"
                type="button"
              >
                <span
                  class="MuiButton-label"
                >
                  <div
                    class="makeStyles-children-37"
                  >
                    <p
                      class="MuiTypography-root MuiTypography-body1"
                      style="color: rgb(12, 22, 31);"
                    >
                      Back
                    </p>
                  </div>
                </span>
                <span
                  class="MuiTouchRipple-root"
                />
              </button>
            </div>
            <div
              class="MuiGrid-root MuiGrid-item"
            >
              <button
                class="MuiButtonBase-root MuiButton-root MuiButton-contained MuiButton-containedPrimary"
                data-testid="appModal/successButton"
                tabindex="0"
                type="button"
              >
                <span
                  class="MuiButton-label"
                >
                  <div
                    class="makeStyles-children-37"
                  >
                    Continue
                  </div>
                  <span
                    class="MuiButton-endIcon makeStyles-endIcon-39 MuiButton-iconSizeMedium"
                  >
                    <svg
                      aria-hidden="true"
                      class="MuiSvgIcon-root"
                      focusable="false"
                      viewBox="0 0 24 24"
                    >
                      <path
                        d="M10 6L8.59 7.41 13.17 12l-4.58 4.59L10 18l6-6z"
                      />
                    </svg>
                  </span>
                </span>
                <span
                  class="MuiTouchRipple-root"
                />
              </button>
            </div>
          </div>
        </div>
        <button
          class="MuiButtonBase-root MuiIconButton-root makeStyles-closeButton-6"
          data-testid="modal/close-button"
          tabindex="0"
          type="button"
        >
          <span
            class="MuiIconButton-label"
          >
            <svg
              aria-hidden="true"
              class="MuiSvgIcon-root"
              focusable="false"
              viewBox="0 0 24 24"
            >
              <path
                d="M19 6.41L17.59 5 12 10.59 6.41 5 5 6.41 10.59 12 5 17.59 6.41 19 12 13.41 17.59 19 19 17.59 13.41 12z"
              />
            </svg>
          </span>
          <span
            class="MuiTouchRipple-root"
          />
        </button>
      </div>
    </div>
    <div
      data-test="sentinelEnd"
      tabindex="0"
    />
  </div>
</body>
`;
